################################################################################
#                                                                              #
#      IAR Universal Linker V5.4.1.30                                          #
#                                                                              #
#           Link time     =  31/May/2013  15:56:03                             #
#           Target CPU    =  MSP430                                            #
#           List file     =  C:\Users\Freddy\Documents\MSP430\boardTest\spamTe #
#                            st\Debug\List\spamTest.map                        #
#           Output file 1 =  C:\Users\Freddy\Documents\MSP430\boardTest\spamTe #
#                            st\Debug\Exe\spamTest.d43                         #
#                            Format: debug                                     #
#                            UBROF version 10.0.6                              #
#                            Using library modules for C-SPY (-rt)             #
#           Command line  =  C:\Users\Freddy\Documents\MSP430\boardTest\spamTe #
#                            st\Debug\Obj\main.r43                             #
#                            -o                                                #
#                            C:\Users\Freddy\Documents\MSP430\boardTest\spamTe #
#                            st\Debug\Exe\spamTest.d43                         #
#                            -l                                                #
#                            C:\Users\Freddy\Documents\MSP430\boardTest\spamTe #
#                            st\Debug\List\spamTest.map                        #
#                            -xmsn                                             #
#                            "-IC:\Program Files\IAR Systems\Embedded Workbenc #
#                            h 6.4\430\LIB\"                                   #
#                            -f                                                #
#                            "C:\Program Files\IAR Systems\Embedded Workbench  #
#                            6.4\430\CONFIG\lnk430F2132.xcl"                   #
#                            (-cmsp430 -QCODE_I=CODE_ID                        #
#                            -Z(DATA)DATA16_I,DATA16_Z,DATA16_N,TLS16_I,DATA16 #
#                            _HEAP+_DATA16_HEAP_SIZE=0200-03FF                 #
#                            -Z(DATA)CODE_I -Z(DATA)CSTACK+_STACK_SIZE#        #
#                            -Z(CONST)INFO=1000-10FF                           #
#                            -Z(CONST)INFOA=10C0-10FF                          #
#                            -Z(CONST)INFOB=1080-10BF                          #
#                            -Z(CONST)INFOC=1040-107F                          #
#                            -Z(CONST)INFOD=1000-103F                          #
#                            -Z(CONST)DATA16_C,DATA16_ID,TLS16_ID,DIFUNCT,CHEC #
#                            KSUM=E000-FFDF                                    #
#                            -Z(CODE)CSTART,ISR_CODE,CODE_ID=E000-FFDF         #
#                            -P(CODE)CODE=E000-FFDF -Z(CODE)INTVEC=FFE0-FFFF   #
#                            -Z(CODE)RESET=FFFE-FFFF) -D_STACK_SIZE=50 -rt     #
#                            "C:\Program Files\IAR Systems\Embedded Workbench  #
#                            6.4\430\LIB\DLIB\dl430fn.r43"                     #
#                            -e_PrintfLarge=_Printf -e_ScanfLarge=_Scanf       #
#                            -D_DATA16_HEAP_SIZE=50 -s __program_start         #
#                            -D_DATA20_HEAP_SIZE=50                            #
#                                                                              #
#                           Copyright (C) 1987-2012 IAR Systems AB.            #
################################################################################





                ****************************************
                *                                      *
                *           CROSS REFERENCE            *
                *                                      *
                ****************************************

       Program entry at :           E000  Relocatable, from module : ?cstart




                ****************************************
                *                                      *
                *            RUNTIME MODEL             *
                *                                      *
                ****************************************

  __Heap_Handler             = Basic
  __SystemLibrary            = DLib
  __core                     = 430
  __dlib_file_descriptor     = 0
  __dlib_full_locale_support = 0
  __double_size              = 32
  __pic                      = no
  __reg_r4                   = free
  __reg_r5                   = free
  __rt_version               = 3

                ****************************************
                *                                      *
                *    AUTOMATIC SYMBOL REDIRECTIONS     *
                *                                      *
                ****************************************

                  There are no automatic symbol redirections.



                ****************************************
                *                                      *
                *              MODULE MAP              *
                *                                      *
                ****************************************


  DEFINED ABSOLUTE ENTRIES
    *************************************************************************

  DEFINED ABSOLUTE ENTRIES
  PROGRAM MODULE, NAME : ?ABS_ENTRY_MOD

Absolute parts
           ENTRY                   ADDRESS         REF BY
           =====                   =======         ======
           _DATA20_HEAP_SIZE       0050 
           _DATA16_HEAP_SIZE       0050 
           _STACK_SIZE             0050 
    *************************************************************************

  FILE NAME : C:\Users\Freddy\Documents\MSP430\boardTest\spamTest\Debug\Obj\main.r43
  PROGRAM MODULE, NAME : main

  SEGMENTS IN THE MODULE
  ======================
DATA16_AN
  Relative segment, address: 0001 - 0001 (0x1 bytes), align: 0
  Segment part 1. ROOT.       Intra module refs:   UARTSetup
           ENTRY                   ADDRESS         REF BY
           =====                   =======         ======
           IE2                     0001 
    -------------------------------------------------------------------------
DATA16_AN
  Relative segment, address: 0056 - 0056 (0x1 bytes), align: 0
  Segment part 2. ROOT.       Intra module refs:   UARTSetup
           ENTRY                   ADDRESS         REF BY
           =====                   =======         ======
           DCOCTL                  0056 
    -------------------------------------------------------------------------
DATA16_AN
  Relative segment, address: 0057 - 0057 (0x1 bytes), align: 0
  Segment part 3. ROOT.       Intra module refs:   UARTSetup
           ENTRY                   ADDRESS         REF BY
           =====                   =======         ======
           BCSCTL1                 0057 
    -------------------------------------------------------------------------
DATA16_AN
  Relative segment, address: 0058 - 0058 (0x1 bytes), align: 0
  Segment part 4. ROOT.       Intra module refs:   UARTSetup
           ENTRY                   ADDRESS         REF BY
           =====                   =======         ======
           BCSCTL2                 0058 
    -------------------------------------------------------------------------
DATA16_AN
  Relative segment, address: 0053 - 0053 (0x1 bytes), align: 0
  Segment part 5. ROOT.       Intra module refs:   UARTSetup
           ENTRY                   ADDRESS         REF BY
           =====                   =======         ======
           BCSCTL3                 0053 
    -------------------------------------------------------------------------
DATA16_AN
  Relative segment, address: 0021 - 0021 (0x1 bytes), align: 0
  Segment part 6. ROOT.       Intra module refs:   UARTSetup
           ENTRY                   ADDRESS         REF BY
           =====                   =======         ======
           P1OUT                   0021 
    -------------------------------------------------------------------------
DATA16_AN
  Relative segment, address: 0022 - 0022 (0x1 bytes), align: 0
  Segment part 7. ROOT.       Intra module refs:   UARTSetup
           ENTRY                   ADDRESS         REF BY
           =====                   =======         ======
           P1DIR                   0022 
    -------------------------------------------------------------------------
DATA16_AN
  Relative segment, address: 0027 - 0027 (0x1 bytes), align: 0
  Segment part 8. ROOT.       Intra module refs:   UARTSetup
           ENTRY                   ADDRESS         REF BY
           =====                   =======         ======
           P1REN                   0027 
    -------------------------------------------------------------------------
DATA16_AN
  Relative segment, address: 002A - 002A (0x1 bytes), align: 0
  Segment part 9. ROOT.       Intra module refs:   UARTSetup
           ENTRY                   ADDRESS         REF BY
           =====                   =======         ======
           P2DIR                   002A 
    -------------------------------------------------------------------------
DATA16_AN
  Relative segment, address: 002E - 002E (0x1 bytes), align: 0
  Segment part 10. ROOT.      Intra module refs:   UARTSetup
           ENTRY                   ADDRESS         REF BY
           =====                   =======         ======
           P2SEL                   002E 
    -------------------------------------------------------------------------
DATA16_AN
  Relative segment, address: 002F - 002F (0x1 bytes), align: 0
  Segment part 11. ROOT.      Intra module refs:   UARTSetup
           ENTRY                   ADDRESS         REF BY
           =====                   =======         ======
           P2REN                   002F 
    -------------------------------------------------------------------------
DATA16_AN
  Relative segment, address: 0019 - 0019 (0x1 bytes), align: 0
  Segment part 12. ROOT.      Intra module refs:   UARTSetup
           ENTRY                   ADDRESS         REF BY
           =====                   =======         ======
           P3OUT                   0019 
    -------------------------------------------------------------------------
DATA16_AN
  Relative segment, address: 001A - 001A (0x1 bytes), align: 0
  Segment part 13. ROOT.      Intra module refs:   UARTSetup
           ENTRY                   ADDRESS         REF BY
           =====                   =======         ======
           P3DIR                   001A 
    -------------------------------------------------------------------------
DATA16_AN
  Relative segment, address: 001B - 001B (0x1 bytes), align: 0
  Segment part 14. ROOT.      Intra module refs:   UARTSetup
           ENTRY                   ADDRESS         REF BY
           =====                   =======         ======
           P3SEL                   001B 
    -------------------------------------------------------------------------
DATA16_AN
  Relative segment, address: 0010 - 0010 (0x1 bytes), align: 0
  Segment part 15. ROOT.      Intra module refs:   UARTSetup
           ENTRY                   ADDRESS         REF BY
           =====                   =======         ======
           P3REN                   0010 
    -------------------------------------------------------------------------
DATA16_AN
  Relative segment, address: 0061 - 0061 (0x1 bytes), align: 0
  Segment part 16. ROOT.      Intra module refs:   UARTSetup
           ENTRY                   ADDRESS         REF BY
           =====                   =======         ======
           UCA0CTL1                0061 
    -------------------------------------------------------------------------
DATA16_AN
  Relative segment, address: 0062 - 0062 (0x1 bytes), align: 0
  Segment part 17. ROOT.      Intra module refs:   UARTSetup
           ENTRY                   ADDRESS         REF BY
           =====                   =======         ======
           UCA0BR0                 0062 
    -------------------------------------------------------------------------
DATA16_AN
  Relative segment, address: 0063 - 0063 (0x1 bytes), align: 0
  Segment part 18. ROOT.      Intra module refs:   UARTSetup
           ENTRY                   ADDRESS         REF BY
           =====                   =======         ======
           UCA0BR1                 0063 
    -------------------------------------------------------------------------
DATA16_AN
  Relative segment, address: 0064 - 0064 (0x1 bytes), align: 0
  Segment part 19. ROOT.      Intra module refs:   UARTSetup
           ENTRY                   ADDRESS         REF BY
           =====                   =======         ======
           UCA0MCTL                0064 
    -------------------------------------------------------------------------
DATA16_AN
  Relative segment, address: 0067 - 0067 (0x1 bytes), align: 0
  Segment part 20. ROOT.      Intra module refs:   USCI0TX_ISR
           ENTRY                   ADDRESS         REF BY
           =====                   =======         ======
           UCA0TXBUF               0067 
    -------------------------------------------------------------------------
DATA16_AN
  Relative segment, address: 0120 - 0121 (0x2 bytes), align: 0
  Segment part 21. ROOT.      Intra module refs:   main
           ENTRY                   ADDRESS         REF BY
           =====                   =======         ======
           WDTCTL                  0120 
    -------------------------------------------------------------------------
DATA16_AN
  Relative segment, address: 10FE - 10FE (0x1 bytes), align: 0
  Segment part 22. ROOT.      Intra module refs:   UARTSetup
           ENTRY                   ADDRESS         REF BY
           =====                   =======         ======
           CALDCO_1MHZ             10FE 
    -------------------------------------------------------------------------
DATA16_AN
  Relative segment, address: 10FF - 10FF (0x1 bytes), align: 0
  Segment part 23. ROOT.      Intra module refs:   UARTSetup
           ENTRY                   ADDRESS         REF BY
           =====                   =======         ======
           CALBC1_1MHZ             10FF 
    -------------------------------------------------------------------------
<CODE> 1 (was CODE)
  Relative segment, address: E092 - E09F (0xe bytes), align: 1
  Segment part 28.
           ENTRY                   ADDRESS         REF BY
           =====                   =======         ======
           main                    E092            Segment part 17 (?cstart)
               calls direct
               CSTACK = 00000000 ( 00000002 )
    -------------------------------------------------------------------------
<CODE> 1 (was CODE)
  Relative segment, address: E00C - E07B (0x70 bytes), align: 1
  Segment part 27.            Intra module refs:   main
           ENTRY                   ADDRESS         REF BY
           =====                   =======         ======
           UARTSetup               E00C 
               CSTACK = 00000000 ( 00000002 )
    -------------------------------------------------------------------------
<CODE> 1 (was CODE)
  Relative segment, address: E0A0 - E0A7 (0x8 bytes), align: 1
  Segment part 26.            Intra module refs:   USCI0TX_ISR::??INTVEC 12
           ENTRY                   ADDRESS         REF BY
           =====                   =======         ======
           USCI0TX_ISR             E0A0 
               interrupt function
               CSTACK = 00000000 ( 00000004 )
    -------------------------------------------------------------------------
INTVEC
  Common segment, address: FFE0 - FFED (0xe bytes), align: 1
  Segment part 24. ROOT.
           ENTRY                   ADDRESS         REF BY
           =====                   =======         ======
           USCI0TX_ISR::??INTVEC 12
                                   FFEC 

    *************************************************************************

  FILE NAME : C:\Program Files\IAR Systems\Embedded Workbench 6.4\430\LIB\DLIB\dl430fn.r43
  LIBRARY MODULE, NAME : ?__dbg_break

  SEGMENTS IN THE MODULE
  ======================
<CODE> 1 (was CODE)
  Relative segment, address: E0B0 - E0B1 (0x2 bytes), align: 1
  Segment part 2.
           ENTRY                   ADDRESS         REF BY
           =====                   =======         ======
           __DebugBreak            E0B0            __exit (?__exit)

    -------------------------------------------------------------------------
  LIBRARY MODULE, NAME : ?__exit

  SEGMENTS IN THE MODULE
  ======================
<CODE> 1 (was CODE)
  Relative segment, address: E07C - E091 (0x16 bytes), align: 1
  Segment part 2.
           ENTRY                   ADDRESS         REF BY
           =====                   =======         ======
           __exit                  E07C            Segment part 6 (?_exit)
                                                   _exit (?_exit)
               calls direct

    -------------------------------------------------------------------------
  LIBRARY MODULE, NAME : ?_exit

  SEGMENTS IN THE MODULE
  ======================
<CODE> 1 (was CODE)
  Relative segment, address: E0A8, align: 1
  Segment part 0.
           ENTRY                   ADDRESS         REF BY
           =====                   =======         ======
           _exit                   E0A8            exit (?exit)
    -------------------------------------------------------------------------
<CODE> 1 (was CODE)
  Relative segment, address: E0A8 - E0AB (0x4 bytes), align: 1
  Segment part 6.             Intra module refs:   _exit

    -------------------------------------------------------------------------
  LIBRARY MODULE, NAME : ?cstart

  SEGMENTS IN THE MODULE
  ======================
CSTACK
  Relative segment, address: 03B0, align: 1
  Segment part 1.
    -------------------------------------------------------------------------
CSTART
  Relative segment, address: E000 - E003 (0x4 bytes), align: 1
  Segment part 9.
           ENTRY                   ADDRESS         REF BY
           =====                   =======         ======
           __program_start         E000            ?reset_vector (?reset_vector)
                                                   Absolute parts (?ABS_ENTRY_MOD)
           ?cstart_begin           E000 
    -------------------------------------------------------------------------
CSTART
  Relative segment, address: E004 - E00B (0x8 bytes), align: 1
  Segment part 17.            Intra module refs:   Segment part 9
           ENTRY                   ADDRESS         REF BY
           =====                   =======         ======
           ?cstart_call_main       E004 
           ?cstart_end             E00C 

    -------------------------------------------------------------------------
  LIBRARY MODULE, NAME : ?reset_vector

  SEGMENTS IN THE MODULE
  ======================
RESET
  Relative segment, address: FFFE - FFFF (0x2 bytes), align: 1
  Segment part 0.
           ENTRY                   ADDRESS         REF BY
           =====                   =======         ======
           ?reset_vector           FFFE            Segment part 9 (?cstart)

    -------------------------------------------------------------------------
  LIBRARY MODULE, NAME : ?exit

  SEGMENTS IN THE MODULE
  ======================
<CODE> 1 (was CODE)
  Relative segment, address: E0AC - E0AF (0x4 bytes), align: 1
  Segment part 2.
           ENTRY                   ADDRESS         REF BY
           =====                   =======         ======
           exit                    E0AC            Segment part 17 (?cstart)
               calls direct
               CSTACK = 00000000 ( 00000002 )




                ****************************************
                *                                      *
                *            MODULE SUMMARY            *
                *                                      *
                ****************************************

Module               CODE      DATA
------               ----      ----
                    (Rel)  (Rel)  (Abs)
?__dbg_break            2
?__exit                22
?_exit                  4
?cstart                12
?exit                   4
?reset_vector           2
main                  134            24
  + common             14
N/A (command line)            80
----------            ---     --     --
Total:                180     80     24
  + common             14


                ****************************************
                *                                      *
                *      SEGMENTS IN ADDRESS ORDER       *
                *                                      *
                ****************************************


SEGMENT              SPACE    START ADDRESS   END ADDRESS     SIZE  TYPE  ALIGN
=======              =====    =============   ===========     ====  ====  =====
DATA16_AN                              0001 - 0001               1   rel    0
                                       0010 - 0010               1 
                                       0019 - 001B               3 
                                       0021 - 0022               2 
                                       0027 - 0027               1 
                                       002A - 002A               1 
                                       002E - 002F               2 
                                       0053 - 0053               1 
                                       0056 - 0058               3 
                                       0061 - 0064               4 
                                       0067 - 0067               1 
                                       0120 - 0121               2 
CSTACK                                 03B0 - 03FF              50   rel    1
DATA16_AN                              10FE - 10FF               2   rel    0
CSTART                                 E000 - E00B               C   rel    1
<CODE> 1                               E00C - E0B1              A6   rel    1
INTVEC                                 FFE0 - FFED               E   com    1
RESET                                  FFFE - FFFF               2   rel    1

                ****************************************
                *                                      *
                *        END OF CROSS REFERENCE        *
                *                                      *
                ****************************************

 194 bytes of CODE memory
  80 bytes of DATA memory (+ 24 absolute )

Errors: none
Warnings: none

