################################################################################
#                                                                              #
#      IAR Universal Linker V5.4.1.30                                          #
#                                                                              #
#           Link time     =  08/May/2013  23:03:49                             #
#           Target CPU    =  MSP430                                            #
#           List file     =  C:\Users\Freddy\Documents\MSP430\namasteTrunk\Deb #
#                            ug\List\namasteTrunk.map                          #
#           Output file 1 =  C:\Users\Freddy\Documents\MSP430\namasteTrunk\Deb #
#                            ug\Exe\namasteTrunk.d43                           #
#                            Format: debug                                     #
#                            UBROF version 10.0.6                              #
#                            Using library modules for C-SPY (-rt)             #
#           Command line  =  C:\Users\Freddy\Documents\MSP430\namasteTrunk\Deb #
#                            ug\Obj\main.r43                                   #
#                            -o                                                #
#                            C:\Users\Freddy\Documents\MSP430\namasteTrunk\Deb #
#                            ug\Exe\namasteTrunk.d43                           #
#                            -l                                                #
#                            C:\Users\Freddy\Documents\MSP430\namasteTrunk\Deb #
#                            ug\List\namasteTrunk.map                          #
#                            -xmsn                                             #
#                            "-IC:\Program Files\IAR Systems\Embedded Workbenc #
#                            h 6.4\430\LIB\"                                   #
#                            -f                                                #
#                            "C:\Program Files\IAR Systems\Embedded Workbench  #
#                            6.4\430\CONFIG\lnk430F2274.xcl"                   #
#                            (-cmsp430 -QCODE_I=CODE_ID                        #
#                            -Z(DATA)DATA16_I,DATA16_Z,DATA16_N,TLS16_I,DATA16 #
#                            _HEAP+_DATA16_HEAP_SIZE=0200-05FF                 #
#                            -Z(DATA)CODE_I -Z(DATA)CSTACK+_STACK_SIZE#        #
#                            -Z(CONST)INFO=1000-10FF                           #
#                            -Z(CONST)INFOA=10C0-10FF                          #
#                            -Z(CONST)INFOB=1080-10BF                          #
#                            -Z(CONST)INFOC=1040-107F                          #
#                            -Z(CONST)INFOD=1000-103F                          #
#                            -Z(CONST)FLASH_TIMESTAMP_STORAGE=8000-81FF        #
#                            -Z(CONST)DATA16_C,DATA16_ID,TLS16_ID,DIFUNCT,CHEC #
#                            KSUM=8000-FFDF                                    #
#                            -Z(CODE)CSTART,ISR_CODE,CODE_ID=8000-FFDF         #
#                            -P(CODE)CODE=8200-FFDF -Z(CODE)INTVEC=FFE0-FFFF   #
#                            -Z(CODE)RESET=FFFE-FFFF) -D_STACK_SIZE=50 -rt     #
#                            "C:\Program Files\IAR Systems\Embedded Workbench  #
#                            6.4\430\LIB\DLIB\dl430fn.r43"                     #
#                            -e_PrintfLarge=_Printf -e_ScanfLarge=_Scanf       #
#                            -D_DATA16_HEAP_SIZE=50 -s __program_start         #
#                            -D_DATA20_HEAP_SIZE=50                            #
#                                                                              #
#                           Copyright (C) 1987-2012 IAR Systems AB.            #
################################################################################





                ****************************************
                *                                      *
                *           CROSS REFERENCE            *
                *                                      *
                ****************************************

       Program entry at :           8200  Relocatable, from module : ?cstart




                ****************************************
                *                                      *
                *            RUNTIME MODEL             *
                *                                      *
                ****************************************

  __Heap_Handler             = Basic
  __SystemLibrary            = DLib
  __core                     = 430
  __dlib_file_descriptor     = 0
  __dlib_full_locale_support = 0
  __double_size              = 32
  __pic                      = no
  __reg_r4                   = free
  __reg_r5                   = free
  __rt_version               = 3

                ****************************************
                *                                      *
                *    AUTOMATIC SYMBOL REDIRECTIONS     *
                *                                      *
                ****************************************

                  There are no automatic symbol redirections.



                ****************************************
                *                                      *
                *              MODULE MAP              *
                *                                      *
                ****************************************


  DEFINED ABSOLUTE ENTRIES
    *************************************************************************

  DEFINED ABSOLUTE ENTRIES
  PROGRAM MODULE, NAME : ?ABS_ENTRY_MOD

Absolute parts
           ENTRY                   ADDRESS         REF BY
           =====                   =======         ======
           _DATA20_HEAP_SIZE       0050 
           _DATA16_HEAP_SIZE       0050 
           _STACK_SIZE             0050 
    *************************************************************************

  FILE NAME : C:\Users\Freddy\Documents\MSP430\namasteTrunk\Debug\Obj\main.r43
  PROGRAM MODULE, NAME : main

  SEGMENTS IN THE MODULE
  ======================
DATA16_AN
  Relative segment, address: 0002 - 0002 (0x1 bytes), align: 0
  Segment part 1. ROOT.       Intra module refs:   main
           ENTRY                   ADDRESS         REF BY
           =====                   =======         ======
           IFG1                    0002 
    -------------------------------------------------------------------------
DATA16_AN
  Relative segment, address: 0001 - 0001 (0x1 bytes), align: 0
  Segment part 2. ROOT.       Intra module refs:   UARTSetup
           ENTRY                   ADDRESS         REF BY
           =====                   =======         ======
           IE2                     0001 
    -------------------------------------------------------------------------
DATA16_AN
  Relative segment, address: 0003 - 0003 (0x1 bytes), align: 0
  Segment part 3. ROOT.       Intra module refs:   transmitChar
           ENTRY                   ADDRESS         REF BY
           =====                   =======         ======
           IFG2                    0003 
    -------------------------------------------------------------------------
DATA16_AN
  Relative segment, address: 0056 - 0056 (0x1 bytes), align: 0
  Segment part 4. ROOT.       Intra module refs:   main
           ENTRY                   ADDRESS         REF BY
           =====                   =======         ======
           DCOCTL                  0056 
    -------------------------------------------------------------------------
DATA16_AN
  Relative segment, address: 0057 - 0057 (0x1 bytes), align: 0
  Segment part 5. ROOT.       Intra module refs:   main
           ENTRY                   ADDRESS         REF BY
           =====                   =======         ======
           BCSCTL1                 0057 
    -------------------------------------------------------------------------
DATA16_AN
  Relative segment, address: 0058 - 0058 (0x1 bytes), align: 0
  Segment part 6. ROOT.       Intra module refs:   main
           ENTRY                   ADDRESS         REF BY
           =====                   =======         ======
           BCSCTL2                 0058 
    -------------------------------------------------------------------------
DATA16_AN
  Relative segment, address: 0053 - 0053 (0x1 bytes), align: 0
  Segment part 7. ROOT.       Intra module refs:   main
           ENTRY                   ADDRESS         REF BY
           =====                   =======         ======
           BCSCTL3                 0053 
    -------------------------------------------------------------------------
DATA16_AN
  Relative segment, address: 0128 - 0129 (0x2 bytes), align: 0
  Segment part 8. ROOT.       Intra module refs:   clearTimestamps
                                                   recordEvent
           ENTRY                   ADDRESS         REF BY
           =====                   =======         ======
           FCTL1                   0128 
    -------------------------------------------------------------------------
DATA16_AN
  Relative segment, address: 012A - 012B (0x2 bytes), align: 0
  Segment part 9. ROOT.       Intra module refs:   main
           ENTRY                   ADDRESS         REF BY
           =====                   =======         ======
           FCTL2                   012A 
    -------------------------------------------------------------------------
DATA16_AN
  Relative segment, address: 012C - 012D (0x2 bytes), align: 0
  Segment part 10. ROOT.      Intra module refs:   clearTimestamps
                                                   recordEvent
           ENTRY                   ADDRESS         REF BY
           =====                   =======         ======
           FCTL3                   012C 
    -------------------------------------------------------------------------
DATA16_AN
  Relative segment, address: 0021 - 0021 (0x1 bytes), align: 0
  Segment part 11. ROOT.      Intra module refs:   P2_ISR
                                                   main
           ENTRY                   ADDRESS         REF BY
           =====                   =======         ======
           P1OUT                   0021 
    -------------------------------------------------------------------------
DATA16_AN
  Relative segment, address: 0022 - 0022 (0x1 bytes), align: 0
  Segment part 12. ROOT.      Intra module refs:   main
           ENTRY                   ADDRESS         REF BY
           =====                   =======         ======
           P1DIR                   0022 
    -------------------------------------------------------------------------
DATA16_AN
  Relative segment, address: 0028 - 0028 (0x1 bytes), align: 0
  Segment part 13. ROOT.      Intra module refs:   TA_ISR
           ENTRY                   ADDRESS         REF BY
           =====                   =======         ======
           P2IN                    0028 
    -------------------------------------------------------------------------
DATA16_AN
  Relative segment, address: 0029 - 0029 (0x1 bytes), align: 0
  Segment part 14. ROOT.      Intra module refs:   main
           ENTRY                   ADDRESS         REF BY
           =====                   =======         ======
           P2OUT                   0029 
    -------------------------------------------------------------------------
DATA16_AN
  Relative segment, address: 002B - 002B (0x1 bytes), align: 0
  Segment part 15. ROOT.      Intra module refs:   P2_ISR
                                                   startIdleSenseMode
           ENTRY                   ADDRESS         REF BY
           =====                   =======         ======
           P2IFG                   002B 
    -------------------------------------------------------------------------
DATA16_AN
  Relative segment, address: 002C - 002C (0x1 bytes), align: 0
  Segment part 16. ROOT.      Intra module refs:   main
           ENTRY                   ADDRESS         REF BY
           =====                   =======         ======
           P2IES                   002C 
    -------------------------------------------------------------------------
DATA16_AN
  Relative segment, address: 002D - 002D (0x1 bytes), align: 0
  Segment part 17. ROOT.      Intra module refs:   P2_ISR
                                                   startIdleSenseMode
           ENTRY                   ADDRESS         REF BY
           =====                   =======         ======
           P2IE                    002D 
    -------------------------------------------------------------------------
DATA16_AN
  Relative segment, address: 002F - 002F (0x1 bytes), align: 0
  Segment part 18. ROOT.      Intra module refs:   main
           ENTRY                   ADDRESS         REF BY
           =====                   =======         ======
           P2REN                   002F 
    -------------------------------------------------------------------------
DATA16_AN
  Relative segment, address: 001A - 001A (0x1 bytes), align: 0
  Segment part 19. ROOT.      Intra module refs:   main
           ENTRY                   ADDRESS         REF BY
           =====                   =======         ======
           P3DIR                   001A 
    -------------------------------------------------------------------------
DATA16_AN
  Relative segment, address: 001B - 001B (0x1 bytes), align: 0
  Segment part 20. ROOT.      Intra module refs:   main
           ENTRY                   ADDRESS         REF BY
           =====                   =======         ======
           P3SEL                   001B 
    -------------------------------------------------------------------------
DATA16_AN
  Relative segment, address: 0160 - 0161 (0x2 bytes), align: 0
  Segment part 21. ROOT.      Intra module refs:   startIdleSenseMode
                                                   timerASetup
                                                   uartModeStart
           ENTRY                   ADDRESS         REF BY
           =====                   =======         ======
           TACTL                   0160 
    -------------------------------------------------------------------------
DATA16_AN
  Relative segment, address: 0162 - 0163 (0x2 bytes), align: 0
  Segment part 22. ROOT.      Intra module refs:   USCI0RX_ISR
                                                   startIdleSenseMode
                                                   timerASetup
                                                   uartModeStart
           ENTRY                   ADDRESS         REF BY
           =====                   =======         ======
           TACCTL0                 0162 
    -------------------------------------------------------------------------
DATA16_AN
  Relative segment, address: 0172 - 0173 (0x2 bytes), align: 0
  Segment part 23. ROOT.      Intra module refs:   timerASetup
           ENTRY                   ADDRESS         REF BY
           =====                   =======         ======
           TACCR0                  0172 
    -------------------------------------------------------------------------
DATA16_AN
  Relative segment, address: 0061 - 0061 (0x1 bytes), align: 0
  Segment part 24. ROOT.      Intra module refs:   UARTSetup
                                                   UARTSleep
           ENTRY                   ADDRESS         REF BY
           =====                   =======         ======
           UCA0CTL1                0061 
    -------------------------------------------------------------------------
DATA16_AN
  Relative segment, address: 0062 - 0062 (0x1 bytes), align: 0
  Segment part 25. ROOT.      Intra module refs:   UARTSetup
           ENTRY                   ADDRESS         REF BY
           =====                   =======         ======
           UCA0BR0                 0062 
    -------------------------------------------------------------------------
DATA16_AN
  Relative segment, address: 0063 - 0063 (0x1 bytes), align: 0
  Segment part 26. ROOT.      Intra module refs:   UARTSetup
           ENTRY                   ADDRESS         REF BY
           =====                   =======         ======
           UCA0BR1                 0063 
    -------------------------------------------------------------------------
DATA16_AN
  Relative segment, address: 0064 - 0064 (0x1 bytes), align: 0
  Segment part 27. ROOT.      Intra module refs:   UARTSetup
           ENTRY                   ADDRESS         REF BY
           =====                   =======         ======
           UCA0MCTL                0064 
    -------------------------------------------------------------------------
DATA16_AN
  Relative segment, address: 0066 - 0066 (0x1 bytes), align: 0
  Segment part 28. ROOT.      Intra module refs:   USCI0RX_ISR
           ENTRY                   ADDRESS         REF BY
           =====                   =======         ======
           UCA0RXBUF               0066 
    -------------------------------------------------------------------------
DATA16_AN
  Relative segment, address: 0067 - 0067 (0x1 bytes), align: 0
  Segment part 29. ROOT.      Intra module refs:   transmitChar
           ENTRY                   ADDRESS         REF BY
           =====                   =======         ======
           UCA0TXBUF               0067 
    -------------------------------------------------------------------------
DATA16_AN
  Relative segment, address: 0120 - 0121 (0x2 bytes), align: 0
  Segment part 30. ROOT.      Intra module refs:   main
           ENTRY                   ADDRESS         REF BY
           =====                   =======         ======
           WDTCTL                  0120 
    -------------------------------------------------------------------------
DATA16_AN
  Relative segment, address: 10FE - 10FE (0x1 bytes), align: 0
  Segment part 31. ROOT.      Intra module refs:   main
           ENTRY                   ADDRESS         REF BY
           =====                   =======         ======
           CALDCO_1MHZ             10FE 
    -------------------------------------------------------------------------
DATA16_AN
  Relative segment, address: 10FF - 10FF (0x1 bytes), align: 0
  Segment part 32. ROOT.      Intra module refs:   main
           ENTRY                   ADDRESS         REF BY
           =====                   =======         ======
           CALBC1_1MHZ             10FF 
    -------------------------------------------------------------------------
DATA16_Z
  Relative segment, address: 0200 - 0203 (0x4 bytes), align: 1
  Segment part 37.            Intra module refs:   TA_ISR
                                                   USCI0RX_ISR
                                                   main
                                                   recordEvent
                                                   startIdleSenseMode
                                                   uartWaitModeStart
           LOCAL                   ADDRESS         
           =====                   =======         
           curTimestamp            0200 
    -------------------------------------------------------------------------
DATA16_Z
  Relative segment, address: 022A - 022A (0x1 bytes), align: 0
  Segment part 38.            Intra module refs:   USCI0RX_ISR
                                                   clearTimestamps
                                                   getTimestamp
                                                   recordEvent
           LOCAL                   ADDRESS         
           =====                   =======         
           timeBufferIndex         022A 
    -------------------------------------------------------------------------
DATA16_Z
  Relative segment, address: 0204 - 0223 (0x20 bytes), align: 1
  Segment part 39.            Intra module refs:   getTimestamp
                                                   recordEvent
           LOCAL                   ADDRESS         
           =====                   =======         
           timestampBuffer         0204 
    -------------------------------------------------------------------------
DATA16_Z
  Relative segment, address: 022B - 022B (0x1 bytes), align: 0
  Segment part 40.            Intra module refs:   USCI0RX_ISR
                                                   clearTimestamps
                                                   getTimestamp
                                                   recordEvent
           LOCAL                   ADDRESS         
           =====                   =======         
           timeStorIndex           022B 
    -------------------------------------------------------------------------
FLASH_TIMESTAMP_STORAGE
  Relative segment, address: 8000 - 81FF (0x200 bytes), align: 1
  Segment part 41.            Intra module refs:   clearTimestamps
                                                   getTimestamp
                                                   recordEvent
           ENTRY                   ADDRESS         REF BY
           =====                   =======         ======
           timestampStorage        8000 
    -------------------------------------------------------------------------
DATA16_Z
  Relative segment, address: 022C - 022C (0x1 bytes), align: 0
  Segment part 42.            Intra module refs:   TA_ISR
                                                   main
                                                   startIdleSenseMode
                                                   uartModeStart
                                                   uartModeStop
                                                   uartWaitModeStart
           LOCAL                   ADDRESS         
           =====                   =======         
           mode                    022C 
    -------------------------------------------------------------------------
DATA16_Z
  Relative segment, address: 022D - 022D (0x1 bytes), align: 0
  Segment part 43.            Intra module refs:   TA_ISR
                                                   uartModeStart
                                                   uartModeStop
                                                   uartWaitModeStart
           LOCAL                   ADDRESS         
           =====                   =======         
           pcCommStableCnt         022D 
    -------------------------------------------------------------------------
DATA16_Z
  Relative segment, address: 022E - 022E (0x1 bytes), align: 0
  Segment part 44.            Intra module refs:   TA_ISR
                                                   recordEvent
                                                   startIdleSenseMode
           LOCAL                   ADDRESS         
           =====                   =======         
           prevMatState            022E 
    -------------------------------------------------------------------------
DATA16_Z
  Relative segment, address: 022F - 022F (0x1 bytes), align: 0
  Segment part 45.            Intra module refs:   USCI0RX_ISR
                                                   uartModeStart
           LOCAL                   ADDRESS         
           =====                   =======         
           recvingTimestamp        022F 
    -------------------------------------------------------------------------
<CODE> 1 (was CODE)
  Relative segment, address: 8482 - 850B (0x8a bytes), align: 1
  Segment part 67.
           ENTRY                   ADDRESS         REF BY
           =====                   =======         ======
           main                    8482            Segment part 17 (?cstart)
               calls direct
               CSTACK = 00000000 ( 00000002 )
    -------------------------------------------------------------------------
<CODE> 1 (was CODE)
  Relative segment, address: 8670 - 8691 (0x22 bytes), align: 1
  Segment part 66.            Intra module refs:   P2_ISR::??INTVEC 6
           ENTRY                   ADDRESS         REF BY
           =====                   =======         ======
           P2_ISR                  8670 
               interrupt function
               calls direct
               CSTACK = 00000000 ( 00000006 )
    -------------------------------------------------------------------------
<CODE> 1 (was CODE)
  Relative segment, address: 8218 - 82F7 (0xe0 bytes), align: 1
  Segment part 65.            Intra module refs:   TA_ISR::??INTVEC 18
           ENTRY                   ADDRESS         REF BY
           =====                   =======         ======
           TA_ISR                  8218 
               interrupt function
               calls direct
               CSTACK = 00000000 ( 0000000C )
    -------------------------------------------------------------------------
<CODE> 1 (was CODE)
  Relative segment, address: 82F8 - 83D5 (0xde bytes), align: 1
  Segment part 64.            Intra module refs:   USCI0RX_ISR::??INTVEC 14
           ENTRY                   ADDRESS         REF BY
           =====                   =======         ======
           USCI0RX_ISR             82F8 
               interrupt function
               calls direct
               CSTACK = 00000000 ( 0000000C )
    -------------------------------------------------------------------------
DATA16_Z
  Relative segment, address: 0224 - 0225 (0x2 bytes), align: 1
  Segment part 46.            Intra module refs:   USCI0RX_ISR
           LOCAL                   ADDRESS         
           =====                   =======         
           USCI0RX_ISR::sendingIndex
                                   0224 
    -------------------------------------------------------------------------
DATA16_Z
  Relative segment, address: 0226 - 0229 (0x4 bytes), align: 1
  Segment part 47.            Intra module refs:   USCI0RX_ISR
           LOCAL                   ADDRESS         
           =====                   =======         
           USCI0RX_ISR::rcvTimestamp
                                   0226 
    -------------------------------------------------------------------------
<CODE> 1 (was CODE)
  Relative segment, address: 850C - 8577 (0x6c bytes), align: 1
  Segment part 59.            Intra module refs:   startIdleSenseMode
                                                   uartModeStop
                                                   uartWaitModeStart
           ENTRY                   ADDRESS         REF BY
           =====                   =======         ======
           timerASetup             850C 
               CSTACK = 00000000 ( 00000002 )
    -------------------------------------------------------------------------
<CODE> 1 (was CODE)
  Relative segment, address: 86E8 - 86FF (0x18 bytes), align: 1
  Segment part 63.            Intra module refs:   P2_ISR
           ENTRY                   ADDRESS         REF BY
           =====                   =======         ======
           uartWaitModeStart       86E8 
               calls direct
               CSTACK = 00000000 ( 00000002 )
    -------------------------------------------------------------------------
<CODE> 1 (was CODE)
  Relative segment, address: 86CE - 86E7 (0x1a bytes), align: 1
  Segment part 62.            Intra module refs:   TA_ISR
           ENTRY                   ADDRESS         REF BY
           =====                   =======         ======
           uartModeStart           86CE 
               calls direct
               CSTACK = 00000000 ( 00000002 )
    -------------------------------------------------------------------------
<CODE> 1 (was CODE)
  Relative segment, address: 8700 - 8715 (0x16 bytes), align: 1
  Segment part 61.            Intra module refs:   TA_ISR
                                                   USCI0RX_ISR
           ENTRY                   ADDRESS         REF BY
           =====                   =======         ======
           uartModeStop            8700 
               calls direct
               CSTACK = 00000000 ( 00000002 )
    -------------------------------------------------------------------------
<CODE> 1 (was CODE)
  Relative segment, address: 85C4 - 85FD (0x3a bytes), align: 1
  Segment part 60.            Intra module refs:   TA_ISR
                                                   main
           ENTRY                   ADDRESS         REF BY
           =====                   =======         ======
           startIdleSenseMode      85C4 
               calls direct
               CSTACK = 00000000 ( 00000002 )
    -------------------------------------------------------------------------
<CODE> 1 (was CODE)
  Relative segment, address: 8692 - 86B1 (0x20 bytes), align: 1
  Segment part 58.            Intra module refs:   USCI0RX_ISR
           ENTRY                   ADDRESS         REF BY
           =====                   =======         ======
           send16bit               8692 
               calls direct
               CSTACK = 00000000 ( 00000002 )
    -------------------------------------------------------------------------
<CODE> 1 (was CODE)
  Relative segment, address: 864E - 866F (0x22 bytes), align: 1
  Segment part 57.            Intra module refs:   USCI0RX_ISR
           ENTRY                   ADDRESS         REF BY
           =====                   =======         ======
           send32bit               864E 
               calls direct
               CSTACK = 00000000 ( 00000002 )
    -------------------------------------------------------------------------
<CODE> 1 (was CODE)
  Relative segment, address: 873E - 8749 (0xc bytes), align: 1
  Segment part 54.            Intra module refs:   USCI0RX_ISR
                                                   send16bit
                                                   send32bit
           ENTRY                   ADDRESS         REF BY
           =====                   =======         ======
           transmitChar            873E 
               CSTACK = 00000000 ( 00000002 )
    -------------------------------------------------------------------------
<CODE> 1 (was CODE)
  Relative segment, address: 862C - 864D (0x22 bytes), align: 1
  Segment part 53.            Intra module refs:   uartModeStart
           ENTRY                   ADDRESS         REF BY
           =====                   =======         ======
           UARTSetup               862C 
               CSTACK = 00000000 ( 00000002 )
    -------------------------------------------------------------------------
<CODE> 1 (was CODE)
  Relative segment, address: 874A - 874F (0x6 bytes), align: 1
  Segment part 52.            Intra module refs:   uartModeStop
           ENTRY                   ADDRESS         REF BY
           =====                   =======         ======
           UARTSleep               874A 
               CSTACK = 00000000 ( 00000002 )
    -------------------------------------------------------------------------
<CODE> 1 (was CODE)
  Relative segment, address: 83D6 - 8481 (0xac bytes), align: 1
  Segment part 50.            Intra module refs:   TA_ISR
           ENTRY                   ADDRESS         REF BY
           =====                   =======         ======
           recordEvent             83D6 
               CSTACK = 00000000 ( 00000006 )
    -------------------------------------------------------------------------
<CODE> 1 (was CODE)
  Relative segment, address: 85FE - 862B (0x2e bytes), align: 1
  Segment part 49.            Intra module refs:   USCI0RX_ISR
                                                   main
           ENTRY                   ADDRESS         REF BY
           =====                   =======         ======
           clearTimestamps         85FE 
               CSTACK = 00000000 ( 00000002 )
    -------------------------------------------------------------------------
<CODE> 1 (was CODE)
  Relative segment, address: 8578 - 85C3 (0x4c bytes), align: 1
  Segment part 48.            Intra module refs:   USCI0RX_ISR
           ENTRY                   ADDRESS         REF BY
           =====                   =======         ======
           getTimestamp            8578 
               CSTACK = 00000000 ( 00000002 )
    -------------------------------------------------------------------------
INTVEC
  Common segment, address: FFE0 - FFE7 (0x8 bytes), align: 1
  Segment part 33. ROOT.
           ENTRY                   ADDRESS         REF BY
           =====                   =======         ======
           P2_ISR::??INTVEC 6      FFE6 
    -------------------------------------------------------------------------
INTVEC
  Common segment, address: FFE0 - FFEF (0x10 bytes), align: 1
  Segment part 34. ROOT.
           ENTRY                   ADDRESS         REF BY
           =====                   =======         ======
           USCI0RX_ISR::??INTVEC 14
                                   FFEE 
    -------------------------------------------------------------------------
INTVEC
  Common segment, address: FFE0 - FFF3 (0x14 bytes), align: 1
  Segment part 35. ROOT.
           ENTRY                   ADDRESS         REF BY
           =====                   =======         ======
           TA_ISR::??INTVEC 18     FFF2 

    *************************************************************************

  FILE NAME : C:\Program Files\IAR Systems\Embedded Workbench 6.4\430\LIB\DLIB\dl430fn.r43
  LIBRARY MODULE, NAME : ?__dbg_break

  SEGMENTS IN THE MODULE
  ======================
<CODE> 1 (was CODE)
  Relative segment, address: 8758 - 8759 (0x2 bytes), align: 1
  Segment part 2.
           ENTRY                   ADDRESS         REF BY
           =====                   =======         ======
           __DebugBreak            8758            __exit (?__exit)

    -------------------------------------------------------------------------
  LIBRARY MODULE, NAME : ?__exit

  SEGMENTS IN THE MODULE
  ======================
<CODE> 1 (was CODE)
  Relative segment, address: 8716 - 872B (0x16 bytes), align: 1
  Segment part 2.
           ENTRY                   ADDRESS         REF BY
           =====                   =======         ======
           __exit                  8716            Segment part 6 (?_exit)
                                                   _exit (?_exit)
               calls direct

    -------------------------------------------------------------------------
  LIBRARY MODULE, NAME : ?_exit

  SEGMENTS IN THE MODULE
  ======================
<CODE> 1 (was CODE)
  Relative segment, address: 8754, align: 1
  Segment part 0.
           ENTRY                   ADDRESS         REF BY
           =====                   =======         ======
           _exit                   8754            exit (?exit)
    -------------------------------------------------------------------------
<CODE> 1 (was CODE)
  Relative segment, address: 8754 - 8757 (0x4 bytes), align: 1
  Segment part 6.             Intra module refs:   _exit

    -------------------------------------------------------------------------
  LIBRARY MODULE, NAME : ?cstart

  SEGMENTS IN THE MODULE
  ======================
CSTACK
  Relative segment, address: 05B0, align: 1
  Segment part 1.
    -------------------------------------------------------------------------
DATA16_Z
  Relative segment, address: 022A, align: 1
  Segment part 2.
    -------------------------------------------------------------------------
CSTART
  Relative segment, address: 8200 - 8203 (0x4 bytes), align: 1
  Segment part 9.
           ENTRY                   ADDRESS         REF BY
           =====                   =======         ======
           __program_start         8200            ?reset_vector (?reset_vector)
                                                   Absolute parts (?ABS_ENTRY_MOD)
           ?cstart_begin           8200 
    -------------------------------------------------------------------------
CSTART
  Relative segment, address: 8204 - 820F (0xc bytes), align: 1
  Segment part 12.
           ENTRY                   ADDRESS         REF BY
           =====                   =======         ======
           ?cstart_init_zero       8204            USCI0RX_ISR::rcvTimestamp (main)
                                                   USCI0RX_ISR::sendingIndex (main)
                                                   curTimestamp (main)
                                                   mode (main)
                                                   pcCommStableCnt (main)
                                                   prevMatState (main)
                                                   recvingTimestamp (main)
                                                   timeBufferIndex (main)
                                                   timeStorIndex (main)
                                                   timestampBuffer (main)
    -------------------------------------------------------------------------
CSTART
  Relative segment, address: 8210 - 8217 (0x8 bytes), align: 1
  Segment part 17.            Intra module refs:   Segment part 9
           ENTRY                   ADDRESS         REF BY
           =====                   =======         ======
           ?cstart_call_main       8210 
           ?cstart_end             8218 

    -------------------------------------------------------------------------
  LIBRARY MODULE, NAME : ?reset_vector

  SEGMENTS IN THE MODULE
  ======================
RESET
  Relative segment, address: FFFE - FFFF (0x2 bytes), align: 1
  Segment part 0.
           ENTRY                   ADDRESS         REF BY
           =====                   =======         ======
           ?reset_vector           FFFE            Segment part 9 (?cstart)

    -------------------------------------------------------------------------
  LIBRARY MODULE, NAME : ?exit

  SEGMENTS IN THE MODULE
  ======================
<CODE> 1 (was CODE)
  Relative segment, address: 8750 - 8753 (0x4 bytes), align: 1
  Segment part 2.
           ENTRY                   ADDRESS         REF BY
           =====                   =======         ======
           exit                    8750            Segment part 17 (?cstart)
               calls direct
               CSTACK = 00000000 ( 00000002 )

    -------------------------------------------------------------------------
  LIBRARY MODULE, NAME : ?ShiftLeft32

  SEGMENTS IN THE MODULE
  ======================
<CODE> 1 (was CODE)
  Relative segment, address: 86B2 - 86CD (0x1c bytes), align: 1
  Segment part 0.
           ENTRY                   ADDRESS         REF BY
           =====                   =======         ======
           ?ShiftLeft32            86B2            USCI0RX_ISR (main)

    -------------------------------------------------------------------------
  LIBRARY MODULE, NAME : ?memzero

  SEGMENTS IN THE MODULE
  ======================
<CODE> 1 (was CODE)
  Relative segment, address: 872C - 873D (0x12 bytes), align: 1
  Segment part 4.
           ENTRY                   ADDRESS         REF BY
           =====                   =======         ======
           __data16_memzero        872C            ?cstart_init_zero (?cstart)
               CSTACK = 00000000 ( 00000002 )




                ****************************************
                *                                      *
                *            MODULE SUMMARY            *
                *                                      *
                ****************************************

Module               CODE      DATA      CONST
------               ----      ----      -----
                    (Rel)  (Rel)  (Abs)  (Rel)
?ShiftLeft32           28
?__dbg_break            2
?__exit                22
?_exit                  4
?cstart                24
?exit                   4
?memzero               18
?reset_vector           2
main                1 268     48     39    512
  + common             20
N/A (command line)            80
----------          -----    ---     --    ---
Total:              1 372    128     39    512
  + common             20


                ****************************************
                *                                      *
                *      SEGMENTS IN ADDRESS ORDER       *
                *                                      *
                ****************************************


SEGMENT              SPACE    START ADDRESS   END ADDRESS     SIZE  TYPE  ALIGN
=======              =====    =============   ===========     ====  ====  =====
DATA16_AN                              0001 - 0003               3   rel    0
                                       001A - 001B               2 
                                       0021 - 0022               2 
                                       0028 - 0029               2 
                                       002B - 002D               3 
                                       002F - 002F               1 
                                       0053 - 0053               1 
                                       0056 - 0058               3 
                                       0061 - 0064               4 
                                       0066 - 0067               2 
                                       0120 - 0121               2 
                                       0128 - 012D               6 
                                       0160 - 0163               4 
                                       0172 - 0173               2 
DATA16_I                                  0200                       dse    0
DATA16_Z                               0200 - 022F              30   rel    1
CSTACK                                 05B0 - 05FF              50   rel    1
DATA16_AN                              10FE - 10FF               2   rel    0
FLASH_TIMESTAMP_STORAGE
                                       8000 - 81FF             200   rel    1
CSTART                                 8200 - 8217              18   rel    1
<CODE> 1                               8218 - 8759             542   rel    1
INTVEC                                 FFE0 - FFF3              14   com    1
RESET                                  FFFE - FFFF               2   rel    1

                ****************************************
                *                                      *
                *        END OF CROSS REFERENCE        *
                *                                      *
                ****************************************

 1 392 bytes of CODE  memory
   128 bytes of DATA  memory (+ 39 absolute )
   512 bytes of CONST memory

Errors: none
Warnings: none

